// Jest Snapshot v1, https://goo.gl/fbAQLP

exports[`App tests renders App 1`] = `
<Fragment>
  <GlobalStyleComponent />
  <styled.div>
    <BaseCurrency
      onUSDChange={[Function]}
      usdInput="10.00"
    />
    <LoadingPlaceholder />
    <AddCurrency
      onAddClick={[Function]}
    />
  </styled.div>
</Fragment>
`;
